
> portfolio@0.0.0 build
> vite build

[36mvite v7.3.1 [32mbuilding client environment for production...[36m[39m
transforming...
[32mΓ£ô[39m 102 modules transformed.
node.exe : [31mΓ£ù[39m 
Build failed in 1.64s
At line:1 char:1
+ & "C:\Program 
Files\nodejs/node.exe" "C:\Us
ers\jatin\AppData\Roaming\ 
...
+ ~~~~~~~~~~~~~~~~~~~~~~~~~~~
~~~~~~~~~~~~~~~~~~~~~~~~~~~~~
~~~~~~~~~~~~~
    + CategoryInfo           
   : NotSpecified: ([31mΓ£  
  ù[39m Build failed in 1   
 .64s:String) [], RemoteE    
xception
    + FullyQualifiedErrorId  
   : NativeCommandError
 
[31merror during build:
[31mCould not resolve "../as
sets/dev-animation.json" 
from "src/components/Hero.jsx
"[31m
file: [36mC:/Users/jatin/One
Drive/Desktop/learning/Portfo
lio/src/components/Hero.jsx[
31m
    at getRollupError (file:/
//C:/Users/jatin/OneDrive/Des
ktop/learning/Portfolio/node_
modules/rollup/dist/es/shared
/parseAst.js:402:41)
    at error (file:///C:/User
s/jatin/OneDrive/Desktop/lear
ning/Portfolio/node_modules/r
ollup/dist/es/shared/parseAst
.js:398:42)
    at ModuleLoader.handleInv
alidResolvedId (file:///C:/Us
ers/jatin/OneDrive/Desktop/le
arning/Portfolio/node_modules
/rollup/dist/es/shared/node-e
ntry.js:21710:24)
    at file:///C:/Users/jatin
/OneDrive/Desktop/learning/Po
rtfolio/node_modules/rollup/d
ist/es/shared/node-entry.js:2
1670:26[39m
